
--- Testing SERPER ---
Γ£à Success, results: 10
   Rank: 2

--- Testing SEARCHAPI.IO ---
node : Γ¥î Error: { 
error: 'Invalid API 
key.' }
At line:1 char:1
+ node test-apis.js 
> test-results.txt 
2>&1
+ ~~~~~~~~~~~~~~~~~~
~~~~~~~~~~~~~~~~~~~~
~~~
    + CategoryInfo  
            : 
NotSpe    cified: 
(Γ¥î Err    or: { 
error: 'In    valid 
API key.'     
}:String) [], Re    
moteException
    + 
FullyQualified    
ErrorId : Native    
CommandError
 

--- Testing SERPSTACK (HTTPS) ---
Γ¥î HTTP Error: 
read ECONNRESET
   Retrying with HTTP (free tier)...
   Γ¥î HTTP also 
failed: read 
ECONNRESET

--- Testing ZENSERP ---
Γ¥î Error: { error: 
'Not enough 
requests.' }

--- Done ---

