1: https://app.achievable.me/study/finra-sie/learn/brokerage-accounts-account-registrations-individual-accounts
2: https://www.capitalone.com/bank/money-management/banking-basics/how-to-open-a-checking-account/
3: https://www.sofi.com/banking/non-permanent-resident-bank-account/
4: https://www.youtube.com/shorts/32coDp-j9YY
5: https://spartan-cafe.com/blog/online-courses/how-to-open-a-us-bank-account-as-a-non-resident-without-ssn/
6: https://www.llcuniversity.com/foreigners/open-us-bank-account-llc-non-resident/
7: https://www.fmbankva.com/55539-revision-v1/
8: https://home.treasury.gov/system/files/8861/IndividualOnlineAccountsfortheModernT_Cleared_FINAL.pdf
9: https://www.ujjivansfb.bank.in/banking-blogs/current-account/individual-vs-non-individual-current-account
10: https://www.financely-group.com/how-to-open-a-u-s-business-bank-account-as-a-non-resident-in-2025-without-neobank-roulette
